
=============================== Model properties ==============================

   Number of:
     all atoms      : 4360
     H or D atoms   : 0
     chains         : 1
     a.a. residues  : 566
     nucleotides    : 0
     water          : 0
     other (ligands): 0
   Ligands: None

============================= Geometry restraints =============================


                        ----------Bond lengths----------                       

  All restrained atoms within 4.0 sigma of ideal values.

  Min. delta:    0.000 (Z=  0.000)
  Max. delta:    0.034 (Z=  0.954)
  Mean delta:    0.003 (Z=  0.179)

                        ----------Bond angles----------                        

  All restrained atoms within 4.0 sigma of ideal values.

  Min. delta:    0.000 (Z=  0.000)
  Max. delta:    5.444 (Z=  3.041)
  Mean delta:    0.870 (Z=  0.393)

                      ----------Dihedral angles----------                      

  All restrained atoms within 4.0 sigma of ideal values.

  Min. delta:    0.001 (Z=  0.000)
  Max. delta:   58.739 (Z=  3.916)
  Mean delta:   11.645 (Z=  0.771)

                       ----------Chiral volumes----------                      

  All restrained atoms within 4.0 sigma of ideal values.

  Min. delta:    0.000
  Max. delta:    0.122
  Mean delta:    0.037

                       ----------Planar groups----------                       

  All restrained atoms within 4.0 sigma of ideal values.

  Min. delta:    0.000
  Max. delta:    0.040
  Mean delta:    0.002

============================ Molprobity validation ============================


  Geometry Restraints Library: GeoStd + Monomer Library
  Deviations from Ideal Values - rmsd, rmsZ for bonds and angles.
    Bond      :  0.003   0.034   4471  Z= 0.179
    Angle     :  0.870   5.444   6058  Z= 0.393
    Chirality :  0.037   0.122    653
    Planarity :  0.002   0.040    780
    Dihedral  : 11.645  58.739   1710
    Min Nonbonded Distance : 2.650
  
  Molprobity Statistics.
    All-atom Clashscore : 0.68
    Ramachandran Plot:
      Outliers :  0.35 %
      Allowed  :  2.48 %
      Favored  : 97.16 %
    Rotamer:
      Outliers :  1.08 %
      Allowed  :  7.38 %
      Favored  : 91.54 %
    Cbeta Deviations :  0.00 %
    Peptide Plane:
      Cis-proline     : 6.38 %
      Cis-general     : 0.39 %
      Twisted Proline : 0.00 %
      Twisted General : 0.00 %
  
  Rama-Z values with (uncertainties):
  Interpretation: poor |Rama-Z| > 3; suspicious 2 < |Rama-Z| < 3; good |Rama-Z| < 2.
  Scores below are scaled independently, so they are not related in a simple way.
    whole: -0.04 (0.34), residues: 564
    helix:  3.78 (0.32), residues: 160
    sheet:  2.16 (0.88), residues: 21
    loop : -2.05 (0.28), residues: 383
  
  Max deviation from planes:
     Type  MaxDev  MeanDev LineInFile
   ARG   0.001   0.000   ARG A 147 
   TYR   0.001   0.000   TYR A  74 
   PHE   0.001   0.000   PHE A 450 
   TRP   0.001   0.000   TRP A 410 
   HIS   0.000   0.000   HIS A 530 
  
  
  
  Details of bonding type rmsd/Z
    covalent geometry    : bond        0.00341 /  0.18 ( 4468)
    covalent geometry    : angle       0.87062 /  0.39 ( 6052)
    SS BOND              : bond        0.00039 /  0.02 (    3)
    SS BOND              : angle       0.11580 /  0.06 (    6)

                     ----------Asn/Gln/His flips----------                     

  No backwards Asn/Gln/His sidechains found.

=================================== Summary ===================================

  Ramachandran outliers =   0.35 %
                favored =  97.16 %
  Rotamer outliers      =   1.08 %
  C-beta deviations     =     0
  Clashscore            =   0.68
  RMS(bonds)            =   0.0034
  RMS(angles)           =   0.87
  MolProbity score      =   0.90
