
=============================== Model properties ==============================

   Number of:
     all atoms      : 3676
     H or D atoms   : 0
     chains         : 1
     a.a. residues  : 484
     nucleotides    : 0
     water          : 0
     other (ligands): 0
   Ligands: None

============================= Geometry restraints =============================


                        ----------Bond lengths----------                       

  All restrained atoms within 4.0 sigma of ideal values.

  Min. delta:    0.000 (Z=  0.000)
  Max. delta:    0.015 (Z=  0.905)
  Mean delta:    0.003 (Z=  0.180)

                        ----------Bond angles----------                        

  All restrained atoms within 4.0 sigma of ideal values.

  Min. delta:    0.000 (Z=  0.000)
  Max. delta:    4.682 (Z=  2.529)
  Mean delta:    0.862 (Z=  0.393)

                      ----------Dihedral angles----------                      

  All restrained atoms within 4.0 sigma of ideal values.

  Min. delta:    0.000 (Z=  0.000)
  Max. delta:   63.504 (Z=  3.868)
  Mean delta:    9.427 (Z=  0.579)

                       ----------Chiral volumes----------                      

  All restrained atoms within 4.0 sigma of ideal values.

  Min. delta:    0.000
  Max. delta:    0.120
  Mean delta:    0.038

                       ----------Planar groups----------                       

  All restrained atoms within 4.0 sigma of ideal values.

  Min. delta:    0.000
  Max. delta:    0.018
  Mean delta:    0.002

============================ Molprobity validation ============================


  Geometry Restraints Library: GeoStd + Monomer Library
  Deviations from Ideal Values - rmsd, rmsZ for bonds and angles.
    Bond      :  0.003   0.015   3772  Z= 0.179
    Angle     :  0.862   4.682   5123  Z= 0.392
    Chirality :  0.038   0.120    553
    Planarity :  0.002   0.018    664
    Dihedral  :  9.427  63.504   1419
    Min Nonbonded Distance : 2.640
  
  Molprobity Statistics.
    All-atom Clashscore : 0.40
    Ramachandran Plot:
      Outliers :  0.41 %
      Allowed  :  1.45 %
      Favored  : 98.13 %
    Rotamer:
      Outliers :  0.00 %
      Allowed  :  3.64 %
      Favored  : 96.36 %
    Cbeta Deviations :  0.00 %
    Peptide Plane:
      Cis-proline     : 0.00 %
      Cis-general     : 0.00 %
      Twisted Proline : 0.00 %
      Twisted General : 0.00 %
  
  Rama-Z values with (uncertainties):
  Interpretation: poor |Rama-Z| > 3; suspicious 2 < |Rama-Z| < 3; good |Rama-Z| < 2.
  Scores below are scaled independently, so they are not related in a simple way.
    whole:  0.98 (0.39), residues: 482
    helix:  2.69 (0.42), residues: 115
    sheet:  0.82 (0.72), residues: 60
    loop : -0.17 (0.37), residues: 307
  
  Max deviation from planes:
     Type  MaxDev  MeanDev LineInFile
   ARG   0.001   0.000   ARG A  42 
   TYR   0.002   0.000   TYR A 258 
   PHE   0.001   0.000   PHE A 104 
   TRP   0.001   0.000   TRP A 418 
   HIS   0.001   0.000   HIS A 388 
  
  
  
  Details of bonding type rmsd/Z
    covalent geometry    : bond        0.00331 /  0.18 ( 3769)
    covalent geometry    : angle       0.86210 /  0.39 ( 5117)
    SS BOND              : bond        0.00100 /  0.06 (    3)
    SS BOND              : angle       0.28433 /  0.14 (    6)

                     ----------Asn/Gln/His flips----------                     

   A 208  ASN

=================================== Summary ===================================

  Ramachandran outliers =   0.41 %
                favored =  98.13 %
  Rotamer outliers      =   0.00 %
  C-beta deviations     =     0
  Clashscore            =   0.40
  RMS(bonds)            =   0.0033
  RMS(angles)           =   0.86
  MolProbity score      =   0.64
